Starting build operations... 
 
 
1. simple string concatenation 01 
 
 
 
2. excercise with operators 01 
 
 
 
3. input and type 01 
 
 
 
4. basic cpp types 01 
 
 
 
5. read write first name 01 
 
 
 
6. hello world 01 
 
 
 
